apps/marketing/src/components/vowos/settings/tabs/TransfersSettingsTab.tsx(103,23): error TS2345: Argument of type 'PostgrestFilterBuilder<any, any, any, null, "location_permissions", unknown, "DELETE", false>' is not assignable to parameter of type 'Promise<any>'.
  Type 'PostgrestFilterBuilder<any, any, any, null, "location_permissions", unknown, "DELETE", false>' is missing the following properties from type 'Promise<any>': catch, finally, [Symbol.toStringTag]
apps/marketing/src/components/vowos/settings/tabs/TransfersSettingsTab.tsx(106,23): error TS2345: Argument of type 'PostgrestFilterBuilder<any, any, any, null, "location_permissions", unknown, "PATCH", false>' is not assignable to parameter of type 'Promise<any>'.
  Type 'PostgrestFilterBuilder<any, any, any, null, "location_permissions", unknown, "PATCH", false>' is missing the following properties from type 'Promise<any>': catch, finally, [Symbol.toStringTag]
apps/marketing/src/components/vowos/settings/tabs/TransfersSettingsTab.tsx(110,23): error TS2345: Argument of type 'PostgrestFilterBuilder<any, any, any, null, "location_permissions", unknown, "POST", false>' is not assignable to parameter of type 'Promise<any>'.
  Type 'PostgrestFilterBuilder<any, any, any, null, "location_permissions", unknown, "POST", false>' is missing the following properties from type 'Promise<any>': catch, finally, [Symbol.toStringTag]
